[2026-04-09 14:33:09] === Application started ===
[2026-04-09 14:33:14] Creating receiver: color_format=BGRX_BGRA, bandwidth=highest, allow_video_fields=false
[2026-04-09 14:33:14] Waiting for connection...
[2026-04-09 14:33:14] Connection established (waited 100ms)
[2026-04-09 14:33:14] Entering receive loop
[2026-04-09 14:33:14] Connection count: 1
[2026-04-09 14:33:14] Timeout waiting for frames (video=0, audio=0)...
[2026-04-09 14:33:14] Metadata: <ndi_tally_echo on_program="false" on_preview="true"/>
[2026-04-09 14:33:19] Connection lost: no frames for 15s (video=0, audio=0)
[2026-04-09 14:33:19] Creating receiver: color_format=BGRX_BGRA, bandwidth=highest, allow_video_fields=false
[2026-04-09 14:33:19] Waiting for connection...
[2026-04-09 14:33:20] Connection established (waited 1400ms)
[2026-04-09 14:33:20] Entering receive loop
[2026-04-09 14:33:20] Connection count: 1
[2026-04-09 14:33:20] Timeout waiting for frames (video=0, audio=0)...
[2026-04-09 14:33:20] Metadata: <ndi_tally_echo on_program="false" on_preview="true"/>
[2026-04-09 14:33:25] Connection lost: no frames for 15s (video=0, audio=0)
[2026-04-09 14:33:26] === Application shutting down ===
[2026-04-09 14:33:30] === Application started ===
[2026-04-09 14:33:36] Creating receiver: color_format=BGRX_BGRA, bandwidth=highest, allow_video_fields=false
[2026-04-09 14:33:36] Waiting for connection...
[2026-04-09 14:33:36] Connection established (waited 100ms)
[2026-04-09 14:33:36] Entering receive loop
[2026-04-09 14:33:36] Connection count: 1
[2026-04-09 14:33:36] Timeout waiting for frames (video=0, audio=0)...
[2026-04-09 14:33:36] Metadata: <ndi_tally_echo on_program="false" on_preview="true"/>
[2026-04-09 14:33:41] Connection lost: no frames for 15s (video=0, audio=0)
[2026-04-09 14:33:41] Creating receiver: color_format=BGRX_BGRA, bandwidth=highest, allow_video_fields=false
[2026-04-09 14:33:41] Waiting for connection...
[2026-04-09 14:33:43] Connection established (waited 1100ms)
[2026-04-09 14:33:43] Entering receive loop
[2026-04-09 14:33:43] Connection count: 1
[2026-04-09 14:33:43] Timeout waiting for frames (video=0, audio=0)...
[2026-04-09 14:33:44] Metadata: <ndi_tally_echo on_program="false" on_preview="true"/>
[2026-04-09 14:33:49] Connection lost: no frames for 15s (video=0, audio=0)
[2026-04-09 14:33:49] === Application shutting down ===
[2026-04-09 14:33:52] === Application started ===
[2026-04-09 14:33:57] Creating receiver: color_format=BGRX_BGRA, bandwidth=highest, allow_video_fields=false
[2026-04-09 14:33:57] Waiting for connection...
[2026-04-09 14:33:58] Connection established (waited 100ms)
[2026-04-09 14:33:58] Entering receive loop
[2026-04-09 14:33:58] Connection count: 1
[2026-04-09 14:33:58] Timeout waiting for frames (video=0, audio=0)...
[2026-04-09 14:33:58] Metadata: <ndi_tally_echo on_program="false" on_preview="true"/>
[2026-04-09 14:33:58] Video frame #1: 1920x1080, pitch=7680, FourCC=0x58524742
[2026-04-09 14:33:58] Video format: FourCC=0x58524742 (BGRX)
[2026-04-09 14:33:58] Connection count: 1
[2026-04-09 14:33:58] Connection count: 1
[2026-04-09 14:33:58] Connection count: 1
[2026-04-09 14:33:58] Video frame #2: 1920x1080, pitch=7680, FourCC=0x58524742
[2026-04-09 14:33:58] Video format: FourCC=0x58524742 (BGRX)
[2026-04-09 14:33:58] Connection count: 1
[2026-04-09 14:33:58] Connection count: 1
[2026-04-09 14:33:58] Connection count: 1
[2026-04-09 14:33:58] Video frame #3: 1920x1080, pitch=7680, FourCC=0x58524742
[2026-04-09 14:33:58] Video format: FourCC=0x58524742 (BGRX)
[2026-04-09 14:33:58] Connection count: 1
[2026-04-09 14:33:58] Connection count: 1
[2026-04-09 14:33:58] Connection count: 1
[2026-04-09 14:33:58] Video frame #4: 1920x1080, pitch=7680, FourCC=0x58524742
[2026-04-09 14:33:58] Video format: FourCC=0x58524742 (BGRX)
[2026-04-09 14:33:58] Connection count: 1
[2026-04-09 14:33:58] Connection count: 1
[2026-04-09 14:33:58] Connection count: 1
[2026-04-09 14:33:58] Video frame #5: 1920x1080, pitch=7680, FourCC=0x58524742
[2026-04-09 14:33:58] Video format: FourCC=0x58524742 (BGRX)
[2026-04-09 14:33:58] Connection count: 1
[2026-04-09 14:33:58] Connection count: 1
[2026-04-09 14:33:58] Connection count: 1
[2026-04-09 14:33:58] Connection count: 1
[2026-04-09 14:33:58] Video frame #6: 1920x1080, pitch=7680, FourCC=0x58524742
[2026-04-09 14:33:58] Video format: FourCC=0x58524742 (BGRX)
[2026-04-09 14:33:58] Connection count: 1
[2026-04-09 14:33:58] Video frame #7: 1920x1080, pitch=7680, FourCC=0x58524742
[2026-04-09 14:33:58] Video format: FourCC=0x58524742 (BGRX)
[2026-04-09 14:33:58] Connection count: 1
[2026-04-09 14:33:58] Connection count: 1
[2026-04-09 14:33:58] Connection count: 1
[2026-04-09 14:33:58] Connection count: 1
[2026-04-09 14:33:58] Video frame #8: 1920x1080, pitch=7680, FourCC=0x58524742
[2026-04-09 14:33:58] Video format: FourCC=0x58524742 (BGRX)
[2026-04-09 14:33:58] Connection count: 1
[2026-04-09 14:33:58] Connection count: 1
[2026-04-09 14:33:58] Connection count: 1
[2026-04-09 14:33:58] Video frame #9: 1920x1080, pitch=7680, FourCC=0x58524742
[2026-04-09 14:33:58] Video format: FourCC=0x58524742 (BGRX)
[2026-04-09 14:33:58] Connection count: 1
[2026-04-09 14:33:58] Video frame #10: 1920x1080, pitch=7680, FourCC=0x58524742
[2026-04-09 14:33:58] Video format: FourCC=0x58524742 (BGRX)
[2026-04-09 14:33:58] Connection count: 1
[2026-04-09 14:33:58] Connection count: 1
[2026-04-09 14:33:58] Video frame #11: 1920x1080, pitch=7680, FourCC=0x58524742
[2026-04-09 14:33:58] Video format: FourCC=0x58524742 (BGRX)
[2026-04-09 14:33:58] Connection count: 1
[2026-04-09 14:33:58] Connection count: 1
[2026-04-09 14:33:58] Connection count: 1
[2026-04-09 14:33:58] Video frame #12: 1920x1080, pitch=7680, FourCC=0x58524742
[2026-04-09 14:33:58] Video format: FourCC=0x58524742 (BGRX)
[2026-04-09 14:33:58] Connection count: 1
[2026-04-09 14:33:58] Connection count: 1
[2026-04-09 14:33:58] Connection count: 1
[2026-04-09 14:33:58] Video frame #13: 1920x1080, pitch=7680, FourCC=0x58524742
[2026-04-09 14:33:58] Video format: FourCC=0x58524742 (BGRX)
[2026-04-09 14:33:58] Connection count: 1
[2026-04-09 14:33:58] Connection count: 1
[2026-04-09 14:33:58] Video frame #14: 1920x1080, pitch=7680, FourCC=0x58524742
[2026-04-09 14:33:58] Video format: FourCC=0x58524742 (BGRX)
[2026-04-09 14:33:58] Connection count: 1
[2026-04-09 14:33:58] Video frame #15: 1920x1080, pitch=7680, FourCC=0x58524742
[2026-04-09 14:33:58] Video format: FourCC=0x58524742 (BGRX)
[2026-04-09 14:33:58] Connection count: 1
[2026-04-09 14:33:58] Video frame #16: 1920x1080, pitch=7680, FourCC=0x58524742
[2026-04-09 14:33:58] Video format: FourCC=0x58524742 (BGRX)
[2026-04-09 14:33:58] Connection count: 1
[2026-04-09 14:33:58] Connection count: 0
[2026-04-09 14:33:58] Connection count: 0
[2026-04-09 14:33:58] Connection count: 0
[2026-04-09 14:33:58] Connection count: 0
[2026-04-09 14:33:58] Connection count: 0
[2026-04-09 14:33:58] Video frame #17: 1920x1080, pitch=7680, FourCC=0x58524742
[2026-04-09 14:33:58] Video format: FourCC=0x58524742 (BGRX)
[2026-04-09 14:33:58] Connection count: 0
[2026-04-09 14:33:59] Connection count: 0
[2026-04-09 14:33:59] Video frame #18: 1920x1080, pitch=7680, FourCC=0x58524742
[2026-04-09 14:33:59] Video format: FourCC=0x58524742 (BGRX)
[2026-04-09 14:33:59] Connection count: 0
[2026-04-09 14:33:59] Connection count: 0
[2026-04-09 14:33:59] Connection count: 0
[2026-04-09 14:33:59] Video frame #19: 1920x1080, pitch=7680, FourCC=0x58524742
[2026-04-09 14:33:59] Video format: FourCC=0x58524742 (BGRX)
[2026-04-09 14:33:59] Connection count: 0
[2026-04-09 14:33:59] Connection count: 0
[2026-04-09 14:33:59] Video frame #20: 1920x1080, pitch=7680, FourCC=0x58524742
[2026-04-09 14:33:59] Video format: FourCC=0x58524742 (BGRX)
[2026-04-09 14:33:59] Connection count: 0
[2026-04-09 14:33:59] Connection count: 0
[2026-04-09 14:33:59] Connection count: 0
[2026-04-09 14:33:59] Video frame #21: 1920x1080, pitch=7680, FourCC=0x58524742
[2026-04-09 14:33:59] Video format: FourCC=0x58524742 (BGRX)
[2026-04-09 14:33:59] Connection count: 0
[2026-04-09 14:33:59] Connection count: 0
[2026-04-09 14:33:59] Connection count: 0
[2026-04-09 14:33:59] Video frame #22: 1920x1080, pitch=7680, FourCC=0x58524742
[2026-04-09 14:33:59] Video format: FourCC=0x58524742 (BGRX)
[2026-04-09 14:33:59] Connection count: 0
[2026-04-09 14:33:59] Connection count: 0
[2026-04-09 14:33:59] Video frame #23: 1920x1080, pitch=7680, FourCC=0x58524742
[2026-04-09 14:33:59] Video format: FourCC=0x58524742 (BGRX)
[2026-04-09 14:33:59] Connection count: 0
[2026-04-09 14:33:59] Connection count: 0
[2026-04-09 14:33:59] Video frame #24: 1920x1080, pitch=7680, FourCC=0x58524742
[2026-04-09 14:33:59] Video format: FourCC=0x58524742 (BGRX)
[2026-04-09 14:33:59] Connection count: 0
[2026-04-09 14:33:59] Connection count: 0
[2026-04-09 14:33:59] Connection count: 0
[2026-04-09 14:33:59] Video frame #25: 1920x1080, pitch=7680, FourCC=0x58524742
[2026-04-09 14:33:59] Video format: FourCC=0x58524742 (BGRX)
[2026-04-09 14:33:59] Connection count: 0
[2026-04-09 14:33:59] Connection count: 0
[2026-04-09 14:33:59] Connection count: 0
[2026-04-09 14:33:59] Video frame #26: 1920x1080, pitch=7680, FourCC=0x58524742
[2026-04-09 14:33:59] Video format: FourCC=0x58524742 (BGRX)
[2026-04-09 14:33:59] Connection count: 0
[2026-04-09 14:33:59] Connection count: 0
[2026-04-09 14:33:59] Video frame #27: 1920x1080, pitch=7680, FourCC=0x58524742
[2026-04-09 14:33:59] Video format: FourCC=0x58524742 (BGRX)
[2026-04-09 14:33:59] Connection count: 0
[2026-04-09 14:33:59] Metadata: <ndi_tally_echo on_program="false" on_preview="false"/>
[2026-04-09 14:33:59] Connection count: 1
[2026-04-09 14:33:59] Metadata: <ndi_tally_echo on_program="false" on_preview="true"/>
[2026-04-09 14:33:59] Connection count: 1
[2026-04-09 14:33:59] Video frame #28: 1920x1080, pitch=7680, FourCC=0x58524742
[2026-04-09 14:33:59] Video format: FourCC=0x58524742 (BGRX)
[2026-04-09 14:33:59] Connection count: 1
[2026-04-09 14:33:59] Video frame #29: 1920x1080, pitch=7680, FourCC=0x58524742
[2026-04-09 14:33:59] Video format: FourCC=0x58524742 (BGRX)
[2026-04-09 14:33:59] Connection count: 1
[2026-04-09 14:33:59] Video frame #30: 1920x1080, pitch=7680, FourCC=0x58524742
[2026-04-09 14:33:59] Video format: FourCC=0x58524742 (BGRX)
[2026-04-09 14:33:59] Connection count: 1
[2026-04-09 14:33:59] Video frame #31: 1920x1080, pitch=7680, FourCC=0x58524742
[2026-04-09 14:33:59] Video format: FourCC=0x58524742 (BGRX)
[2026-04-09 14:33:59] Connection count: 1
[2026-04-09 14:33:59] Video frame #32: 1920x1080, pitch=7680, FourCC=0x58524742
[2026-04-09 14:33:59] Video format: FourCC=0x58524742 (BGRX)
[2026-04-09 14:34:00] Connection count: 1
[2026-04-09 14:34:00] Connection count: 1
[2026-04-09 14:34:00] Connection count: 1
[2026-04-09 14:34:00] Connection count: 1
[2026-04-09 14:34:00] Connection count: 1
[2026-04-09 14:34:00] Connection count: 1
[2026-04-09 14:34:00] Connection count: 1
[2026-04-09 14:34:00] Connection count: 1
[2026-04-09 14:34:00] Connection count: 1
[2026-04-09 14:34:00] Connection count: 1
[2026-04-09 14:34:00] Connection count: 1
[2026-04-09 14:34:00] Connection count: 1
[2026-04-09 14:34:00] Connection count: 1
[2026-04-09 14:34:00] Connection count: 1
[2026-04-09 14:34:00] Connection count: 1
[2026-04-09 14:34:00] Video frame #33: 1920x1080, pitch=7680, FourCC=0x58524742
[2026-04-09 14:34:00] Video format: FourCC=0x58524742 (BGRX)
[2026-04-09 14:34:00] Connection count: 1
[2026-04-09 14:34:00] Video frame #34: 1920x1080, pitch=7680, FourCC=0x58524742
[2026-04-09 14:34:00] Video format: FourCC=0x58524742 (BGRX)
[2026-04-09 14:34:00] Connection count: 1
[2026-04-09 14:34:00] Video frame #35: 1920x1080, pitch=7680, FourCC=0x58524742
[2026-04-09 14:34:00] Video format: FourCC=0x58524742 (BGRX)
[2026-04-09 14:34:00] Connection count: 1
[2026-04-09 14:34:00] Video frame #36: 1920x1080, pitch=7680, FourCC=0x58524742
[2026-04-09 14:34:00] Video format: FourCC=0x58524742 (BGRX)
[2026-04-09 14:34:00] Connection count: 1
[2026-04-09 14:34:00] Video frame #37: 1920x1080, pitch=7680, FourCC=0x58524742
[2026-04-09 14:34:00] Video format: FourCC=0x58524742 (BGRX)
[2026-04-09 14:34:00] Connection count: 1
[2026-04-09 14:34:00] Video frame #38: 1920x1080, pitch=7680, FourCC=0x58524742
[2026-04-09 14:34:00] Video format: FourCC=0x58524742 (BGRX)
[2026-04-09 14:34:00] Connection count: 1
[2026-04-09 14:34:00] Connection count: 1
[2026-04-09 14:34:00] Connection count: 1
[2026-04-09 14:34:00] Connection count: 1
[2026-04-09 14:34:00] Connection count: 1
[2026-04-09 14:34:00] Connection count: 1
[2026-04-09 14:34:00] Connection count: 1
[2026-04-09 14:34:00] Connection count: 1
[2026-04-09 14:34:00] Connection count: 1
[2026-04-09 14:34:00] Connection count: 1
[2026-04-09 14:34:00] Video frame #39: 1920x1080, pitch=7680, FourCC=0x58524742
[2026-04-09 14:34:00] Video format: FourCC=0x58524742 (BGRX)
[2026-04-09 14:34:00] Connection count: 1
[2026-04-09 14:34:00] Video frame #40: 1920x1080, pitch=7680, FourCC=0x58524742
[2026-04-09 14:34:00] Video format: FourCC=0x58524742 (BGRX)
[2026-04-09 14:34:00] Connection count: 1
[2026-04-09 14:34:00] Connection count: 1
[2026-04-09 14:34:00] Connection count: 1
[2026-04-09 14:34:00] Connection count: 1
[2026-04-09 14:34:00] Video frame #41: 1920x1080, pitch=7680, FourCC=0x58524742
[2026-04-09 14:34:00] Video format: FourCC=0x58524742 (BGRX)
[2026-04-09 14:34:00] Connection count: 1
[2026-04-09 14:34:00] Connection count: 1
[2026-04-09 14:34:00] Video frame #42: 1920x1080, pitch=7680, FourCC=0x58524742
[2026-04-09 14:34:00] Video format: FourCC=0x58524742 (BGRX)
[2026-04-09 14:34:00] Connection count: 1
[2026-04-09 14:34:00] Video frame #43: 1920x1080, pitch=7680, FourCC=0x58524742
[2026-04-09 14:34:00] Video format: FourCC=0x58524742 (BGRX)
[2026-04-09 14:34:00] Connection count: 1
[2026-04-09 14:34:00] Connection count: 1
[2026-04-09 14:34:00] Connection count: 1
[2026-04-09 14:34:00] Connection count: 1
[2026-04-09 14:34:00] Connection count: 1
[2026-04-09 14:34:00] Video frame #44: 1920x1080, pitch=7680, FourCC=0x58524742
[2026-04-09 14:34:00] Video format: FourCC=0x58524742 (BGRX)
[2026-04-09 14:34:00] Connection count: 1
[2026-04-09 14:34:00] Connection count: 1
[2026-04-09 14:34:00] Connection count: 1
[2026-04-09 14:34:00] Connection count: 1
[2026-04-09 14:34:00] Connection count: 1
[2026-04-09 14:34:00] Connection count: 1
[2026-04-09 14:34:00] Video frame #45: 1920x1080, pitch=7680, FourCC=0x58524742
[2026-04-09 14:34:00] Video format: FourCC=0x58524742 (BGRX)
[2026-04-09 14:34:00] Connection count: 1
[2026-04-09 14:34:00] Video frame #46: 1920x1080, pitch=7680, FourCC=0x58524742
[2026-04-09 14:34:00] Video format: FourCC=0x58524742 (BGRX)
[2026-04-09 14:34:00] Connection count: 1
[2026-04-09 14:34:00] Video frame #47: 1920x1080, pitch=7680, FourCC=0x58524742
[2026-04-09 14:34:00] Video format: FourCC=0x58524742 (BGRX)
[2026-04-09 14:34:00] Connection count: 1
[2026-04-09 14:34:00] Video frame #48: 1920x1080, pitch=7680, FourCC=0x58524742
[2026-04-09 14:34:00] Video format: FourCC=0x58524742 (BGRX)
[2026-04-09 14:34:00] Connection count: 1
[2026-04-09 14:34:00] Video frame #49: 1920x1080, pitch=7680, FourCC=0x58524742
[2026-04-09 14:34:00] Video format: FourCC=0x58524742 (BGRX)
[2026-04-09 14:34:00] Connection count: 1
[2026-04-09 14:34:00] Video frame #50: 1920x1080, pitch=7680, FourCC=0x58524742
[2026-04-09 14:34:00] Video format: FourCC=0x58524742 (BGRX)
[2026-04-09 14:34:00] Connection count: 0
[2026-04-09 14:34:00] Video frame #51: 1920x1080, pitch=7680, FourCC=0x58524742
[2026-04-09 14:34:00] Video format: FourCC=0x58524742 (BGRX)
[2026-04-09 14:34:00] Connection count: 0
[2026-04-09 14:34:00] Connection count: 0
[2026-04-09 14:34:00] Connection count: 0
[2026-04-09 14:34:00] Video frame #52: 1920x1080, pitch=7680, FourCC=0x58524742
[2026-04-09 14:34:00] Video format: FourCC=0x58524742 (BGRX)
[2026-04-09 14:34:01] Connection count: 0
[2026-04-09 14:34:01] Connection count: 0
[2026-04-09 14:34:01] Video frame #53: 1920x1080, pitch=7680, FourCC=0x58524742
[2026-04-09 14:34:01] Video format: FourCC=0x58524742 (BGRX)
[2026-04-09 14:34:01] Connection count: 0
[2026-04-09 14:34:01] Video frame #54: 1920x1080, pitch=7680, FourCC=0x58524742
[2026-04-09 14:34:01] Video format: FourCC=0x58524742 (BGRX)
[2026-04-09 14:34:01] Connection count: 0
[2026-04-09 14:34:01] Connection count: 0
[2026-04-09 14:34:01] Connection count: 0
[2026-04-09 14:34:01] Connection count: 0
[2026-04-09 14:34:01] Video frame #55: 1920x1080, pitch=7680, FourCC=0x58524742
[2026-04-09 14:34:01] Video format: FourCC=0x58524742 (BGRX)
[2026-04-09 14:34:01] Connection count: 0
[2026-04-09 14:34:01] Connection count: 0
[2026-04-09 14:34:01] Connection count: 0
[2026-04-09 14:34:01] Video frame #56: 1920x1080, pitch=7680, FourCC=0x58524742
[2026-04-09 14:34:01] Video format: FourCC=0x58524742 (BGRX)
[2026-04-09 14:34:01] Connection count: 0
[2026-04-09 14:34:01] Connection count: 0
[2026-04-09 14:34:01] Video frame #57: 1920x1080, pitch=7680, FourCC=0x58524742
[2026-04-09 14:34:01] Video format: FourCC=0x58524742 (BGRX)
[2026-04-09 14:34:01] Connection count: 0
[2026-04-09 14:34:01] Video frame #58: 1920x1080, pitch=7680, FourCC=0x58524742
[2026-04-09 14:34:01] Video format: FourCC=0x58524742 (BGRX)
[2026-04-09 14:34:01] Connection count: 0
[2026-04-09 14:34:01] Connection count: 0
[2026-04-09 14:34:01] Connection count: 0
[2026-04-09 14:34:01] Connection count: 0
[2026-04-09 14:34:01] Video frame #59: 1920x1080, pitch=7680, FourCC=0x58524742
[2026-04-09 14:34:01] Video format: FourCC=0x58524742 (BGRX)
[2026-04-09 14:34:01] Connection count: 0
[2026-04-09 14:34:01] Connection count: 0
[2026-04-09 14:34:01] Connection count: 0
[2026-04-09 14:34:01] Video frame #60: 1920x1080, pitch=7680, FourCC=0x58524742
[2026-04-09 14:34:01] Video format: FourCC=0x58524742 (BGRX)
[2026-04-09 14:34:01] Connection count: 0
[2026-04-09 14:34:01] Connection count: 0
[2026-04-09 14:34:01] Connection count: 0
[2026-04-09 14:34:01] Video frame #61: 1920x1080, pitch=7680, FourCC=0x58524742
[2026-04-09 14:34:01] Video format: FourCC=0x58524742 (BGRX)
[2026-04-09 14:34:01] Connection count: 0
[2026-04-09 14:34:01] Connection count: 0
[2026-04-09 14:34:01] Video frame #62: 1920x1080, pitch=7680, FourCC=0x58524742
[2026-04-09 14:34:01] Video format: FourCC=0x58524742 (BGRX)
[2026-04-09 14:34:01] Connection count: 0
[2026-04-09 14:34:01] Connection count: 0
[2026-04-09 14:34:01] Connection count: 0
[2026-04-09 14:34:01] Video frame #63: 1920x1080, pitch=7680, FourCC=0x58524742
[2026-04-09 14:34:01] Video format: FourCC=0x58524742 (BGRX)
[2026-04-09 14:34:01] Connection count: 0
[2026-04-09 14:34:01] Connection count: 0
[2026-04-09 14:34:01] Video frame #64: 1920x1080, pitch=7680, FourCC=0x58524742
[2026-04-09 14:34:01] Video format: FourCC=0x58524742 (BGRX)
[2026-04-09 14:34:01] Connection count: 0
[2026-04-09 14:34:01] Metadata: <ndi_tally_echo on_program="false" on_preview="true"/>
[2026-04-09 14:34:01] Connection count: 1
[2026-04-09 14:34:01] Metadata: <ndi_tally_echo on_program="false" on_preview="false"/>
[2026-04-09 14:34:01] Connection count: 1
[2026-04-09 14:34:01] Metadata: <ndi_tally_echo on_program="false" on_preview="true"/>
[2026-04-09 14:34:01] Connection count: 1
[2026-04-09 14:34:01] Video frame #65: 1920x1080, pitch=7680, FourCC=0x58524742
[2026-04-09 14:34:01] Video format: FourCC=0x58524742 (BGRX)
[2026-04-09 14:34:01] Connection count: 1
[2026-04-09 14:34:01] Connection count: 1
[2026-04-09 14:34:01] Connection count: 1
[2026-04-09 14:34:01] Connection count: 1
[2026-04-09 14:34:01] Connection count: 1
[2026-04-09 14:34:01] Connection count: 1
[2026-04-09 14:34:01] Connection count: 1
[2026-04-09 14:34:01] Video frame #66: 1920x1080, pitch=7680, FourCC=0x58524742
[2026-04-09 14:34:01] Video format: FourCC=0x58524742 (BGRX)
[2026-04-09 14:34:01] Connection count: 1
[2026-04-09 14:34:01] Video frame #67: 1920x1080, pitch=7680, FourCC=0x58524742
[2026-04-09 14:34:01] Video format: FourCC=0x58524742 (BGRX)
[2026-04-09 14:34:01] Connection count: 1
[2026-04-09 14:34:01] Connection count: 1
[2026-04-09 14:34:01] Connection count: 1
[2026-04-09 14:34:01] Connection count: 1
[2026-04-09 14:34:01] Video frame #68: 1920x1080, pitch=7680, FourCC=0x58524742
[2026-04-09 14:34:01] Video format: FourCC=0x58524742 (BGRX)
[2026-04-09 14:34:01] Connection count: 1
[2026-04-09 14:34:01] Video frame #69: 1920x1080, pitch=7680, FourCC=0x58524742
[2026-04-09 14:34:01] Video format: FourCC=0x58524742 (BGRX)
[2026-04-09 14:34:01] Connection count: 1
[2026-04-09 14:34:01] Video frame #70: 1920x1080, pitch=7680, FourCC=0x58524742
[2026-04-09 14:34:01] Video format: FourCC=0x58524742 (BGRX)
[2026-04-09 14:34:01] Connection count: 1
[2026-04-09 14:34:01] Connection count: 1
[2026-04-09 14:34:01] Connection count: 1
[2026-04-09 14:34:01] Connection count: 1
[2026-04-09 14:34:01] Connection count: 1
[2026-04-09 14:34:01] Video frame #71: 1920x1080, pitch=7680, FourCC=0x58524742
[2026-04-09 14:34:01] Video format: FourCC=0x58524742 (BGRX)
[2026-04-09 14:34:01] Connection count: 1
[2026-04-09 14:34:01] Video frame #72: 1920x1080, pitch=7680, FourCC=0x58524742
[2026-04-09 14:34:01] Video format: FourCC=0x58524742 (BGRX)
[2026-04-09 14:34:01] Connection count: 1
[2026-04-09 14:34:01] Connection count: 1
[2026-04-09 14:34:01] Video frame #73: 1920x1080, pitch=7680, FourCC=0x58524742
[2026-04-09 14:34:01] Video format: FourCC=0x58524742 (BGRX)
[2026-04-09 14:34:01] Connection count: 1
[2026-04-09 14:34:01] Connection count: 1
[2026-04-09 14:34:01] Connection count: 1
[2026-04-09 14:34:01] Connection count: 1
[2026-04-09 14:34:02] Video frame #74: 1920x1080, pitch=7680, FourCC=0x58524742
[2026-04-09 14:34:02] Video format: FourCC=0x58524742 (BGRX)
[2026-04-09 14:34:02] Connection count: 1
[2026-04-09 14:34:02] Video frame #75: 1920x1080, pitch=7680, FourCC=0x58524742
[2026-04-09 14:34:02] Video format: FourCC=0x58524742 (BGRX)
[2026-04-09 14:34:02] Connection count: 1
[2026-04-09 14:34:02] Connection count: 1
[2026-04-09 14:34:02] Video frame #76: 1920x1080, pitch=7680, FourCC=0x58524742
[2026-04-09 14:34:02] Video format: FourCC=0x58524742 (BGRX)
[2026-04-09 14:34:02] Connection count: 1
[2026-04-09 14:34:02] Connection count: 1
[2026-04-09 14:34:02] Video frame #77: 1920x1080, pitch=7680, FourCC=0x58524742
[2026-04-09 14:34:02] Video format: FourCC=0x58524742 (BGRX)
[2026-04-09 14:34:02] Connection count: 1
[2026-04-09 14:34:02] Connection count: 1
[2026-04-09 14:34:02] Connection count: 1
[2026-04-09 14:34:02] Video frame #78: 1920x1080, pitch=7680, FourCC=0x58524742
[2026-04-09 14:34:02] Video format: FourCC=0x58524742 (BGRX)
[2026-04-09 14:34:02] Connection count: 1
[2026-04-09 14:34:02] Connection count: 1
[2026-04-09 14:34:02] Connection count: 1
[2026-04-09 14:34:02] Video frame #79: 1920x1080, pitch=7680, FourCC=0x58524742
[2026-04-09 14:34:02] Video format: FourCC=0x58524742 (BGRX)
[2026-04-09 14:34:02] Connection count: 1
[2026-04-09 14:34:02] Connection count: 1
[2026-04-09 14:34:02] Connection count: 1
[2026-04-09 14:34:02] Connection count: 1
[2026-04-09 14:34:02] Connection count: 1
[2026-04-09 14:34:02] Connection count: 1
[2026-04-09 14:34:02] Video frame #80: 1920x1080, pitch=7680, FourCC=0x58524742
[2026-04-09 14:34:02] Video format: FourCC=0x58524742 (BGRX)
[2026-04-09 14:34:02] Connection count: 1
[2026-04-09 14:34:02] Video frame #81: 1920x1080, pitch=7680, FourCC=0x58524742
[2026-04-09 14:34:02] Video format: FourCC=0x58524742 (BGRX)
[2026-04-09 14:34:02] Connection count: 1
[2026-04-09 14:34:02] Video frame #82: 1920x1080, pitch=7680, FourCC=0x58524742
[2026-04-09 14:34:02] Video format: FourCC=0x58524742 (BGRX)
[2026-04-09 14:34:02] Connection count: 1
[2026-04-09 14:34:02] Connection count: 1
[2026-04-09 14:34:02] Video frame #83: 1920x1080, pitch=7680, FourCC=0x58524742
[2026-04-09 14:34:02] Video format: FourCC=0x58524742 (BGRX)
[2026-04-09 14:34:02] Connection count: 1
[2026-04-09 14:34:02] Connection count: 1
[2026-04-09 14:34:02] Video frame #84: 1920x1080, pitch=7680, FourCC=0x58524742
[2026-04-09 14:34:02] Video format: FourCC=0x58524742 (BGRX)
[2026-04-09 14:34:02] Connection count: 1
[2026-04-09 14:34:02] Connection count: 1
[2026-04-09 14:34:02] Connection count: 1
[2026-04-09 14:34:02] Video frame #85: 1920x1080, pitch=7680, FourCC=0x58524742
[2026-04-09 14:34:02] Video format: FourCC=0x58524742 (BGRX)
[2026-04-09 14:34:02] Connection count: 1
[2026-04-09 14:34:02] Connection count: 1
[2026-04-09 14:34:02] Connection count: 1
[2026-04-09 14:34:02] Video frame #86: 1920x1080, pitch=7680, FourCC=0x58524742
[2026-04-09 14:34:02] Video format: FourCC=0x58524742 (BGRX)
[2026-04-09 14:34:02] Connection count: 1
[2026-04-09 14:34:02] Connection count: 1
[2026-04-09 14:34:02] Video frame #87: 1920x1080, pitch=7680, FourCC=0x58524742
[2026-04-09 14:34:02] Video format: FourCC=0x58524742 (BGRX)
[2026-04-09 14:34:02] Connection count: 1
[2026-04-09 14:34:02] Connection count: 0
[2026-04-09 14:34:02] Connection count: 0
[2026-04-09 14:34:02] Video frame #88: 1920x1080, pitch=7680, FourCC=0x58524742
[2026-04-09 14:34:02] Video format: FourCC=0x58524742 (BGRX)
[2026-04-09 14:34:02] Connection count: 0
[2026-04-09 14:34:02] Connection count: 0
[2026-04-09 14:34:02] Video frame #89: 1920x1080, pitch=7680, FourCC=0x58524742
[2026-04-09 14:34:02] Video format: FourCC=0x58524742 (BGRX)
[2026-04-09 14:34:02] Connection count: 0
[2026-04-09 14:34:02] Connection count: 0
[2026-04-09 14:34:02] Connection count: 0
[2026-04-09 14:34:02] Video frame #90: 1920x1080, pitch=7680, FourCC=0x58524742
[2026-04-09 14:34:02] Video format: FourCC=0x58524742 (BGRX)
[2026-04-09 14:34:02] Connection count: 0
[2026-04-09 14:34:02] Connection count: 0
[2026-04-09 14:34:02] Video frame #91: 1920x1080, pitch=7680, FourCC=0x58524742
[2026-04-09 14:34:02] Video format: FourCC=0x58524742 (BGRX)
[2026-04-09 14:34:02] Connection count: 0
[2026-04-09 14:34:03] Video frame #92: 1920x1080, pitch=7680, FourCC=0x58524742
[2026-04-09 14:34:03] Video format: FourCC=0x58524742 (BGRX)
[2026-04-09 14:34:03] Connection count: 0
[2026-04-09 14:34:03] Connection count: 0
[2026-04-09 14:34:03] Connection count: 0
[2026-04-09 14:34:03] Video frame #93: 1920x1080, pitch=7680, FourCC=0x58524742
[2026-04-09 14:34:03] Video format: FourCC=0x58524742 (BGRX)
[2026-04-09 14:34:03] Connection count: 0
[2026-04-09 14:34:03] Connection count: 0
[2026-04-09 14:34:03] Connection count: 0
[2026-04-09 14:34:03] Connection count: 0
[2026-04-09 14:34:03] Video frame #94: 1920x1080, pitch=7680, FourCC=0x58524742
[2026-04-09 14:34:03] Video format: FourCC=0x58524742 (BGRX)
[2026-04-09 14:34:03] Connection count: 0
[2026-04-09 14:34:03] Video frame #95: 1920x1080, pitch=7680, FourCC=0x58524742
[2026-04-09 14:34:03] Video format: FourCC=0x58524742 (BGRX)
[2026-04-09 14:34:03] Connection count: 0
[2026-04-09 14:34:03] Connection count: 0
[2026-04-09 14:34:03] Connection count: 0
[2026-04-09 14:34:03] Connection count: 0
[2026-04-09 14:34:03] Video frame #96: 1920x1080, pitch=7680, FourCC=0x58524742
[2026-04-09 14:34:03] Video format: FourCC=0x58524742 (BGRX)
[2026-04-09 14:34:03] Connection count: 0
[2026-04-09 14:34:03] Connection count: 0
[2026-04-09 14:34:03] Connection count: 0
[2026-04-09 14:34:03] Video frame #97: 1920x1080, pitch=7680, FourCC=0x58524742
[2026-04-09 14:34:03] Video format: FourCC=0x58524742 (BGRX)
[2026-04-09 14:34:03] Connection count: 0
[2026-04-09 14:34:03] Connection count: 0
[2026-04-09 14:34:03] Video frame #98: 1920x1080, pitch=7680, FourCC=0x58524742
[2026-04-09 14:34:03] Video format: FourCC=0x58524742 (BGRX)
[2026-04-09 14:34:03] Connection count: 0
[2026-04-09 14:34:03] Metadata: <ndi_tally_echo on_program="false" on_preview="true"/>
[2026-04-09 14:34:03] Connection count: 1
[2026-04-09 14:34:03] Video frame #99: 1920x1080, pitch=7680, FourCC=0x58524742
[2026-04-09 14:34:03] Video format: FourCC=0x58524742 (BGRX)
[2026-04-09 14:34:03] Connection count: 1
[2026-04-09 14:34:04] Connection count: 1
[2026-04-09 14:34:04] Connection count: 1
[2026-04-09 14:34:04] Connection count: 1
[2026-04-09 14:34:04] Connection count: 1
[2026-04-09 14:34:04] Video frame #100: 1920x1080, pitch=7680, FourCC=0x58524742
[2026-04-09 14:34:04] Video format: FourCC=0x58524742 (BGRX)
[2026-04-09 14:34:04] Connection count: 1
[2026-04-09 14:34:04] Connection count: 1
[2026-04-09 14:34:04] Connection count: 1
[2026-04-09 14:34:04] Connection count: 1
[2026-04-09 14:34:04] Connection count: 1
[2026-04-09 14:34:04] Connection count: 1
[2026-04-09 14:34:04] Connection count: 1
[2026-04-09 14:34:04] Connection count: 1
[2026-04-09 14:34:04] Connection count: 1
[2026-04-09 14:34:04] Connection count: 1
[2026-04-09 14:34:04] Connection count: 1
[2026-04-09 14:34:04] Connection count: 1
[2026-04-09 14:34:04] Connection count: 1
[2026-04-09 14:34:04] Connection count: 1
[2026-04-09 14:34:04] Connection count: 1
[2026-04-09 14:34:04] Connection count: 1
[2026-04-09 14:34:04] Connection count: 1
[2026-04-09 14:34:04] Video frame #101: 1920x1080, pitch=7680, FourCC=0x58524742
[2026-04-09 14:34:04] Video format: FourCC=0x58524742 (BGRX)
[2026-04-09 14:34:04] Connection count: 1
[2026-04-09 14:34:04] Video frame #102: 1920x1080, pitch=7680, FourCC=0x58524742
[2026-04-09 14:34:04] Video format: FourCC=0x58524742 (BGRX)
[2026-04-09 14:34:04] Connection count: 1
[2026-04-09 14:34:04] Connection count: 1
[2026-04-09 14:34:04] Connection count: 1
[2026-04-09 14:34:04] Connection count: 1
[2026-04-09 14:34:04] Connection count: 1
[2026-04-09 14:34:04] Connection count: 1
[2026-04-09 14:34:04] Connection count: 1
[2026-04-09 14:34:04] Connection count: 1
[2026-04-09 14:34:04] Connection count: 1
[2026-04-09 14:34:04] Connection count: 1
[2026-04-09 14:34:04] Connection count: 1
[2026-04-09 14:34:04] Connection count: 1
[2026-04-09 14:34:04] Connection count: 1
[2026-04-09 14:34:04] Connection count: 1
[2026-04-09 14:34:04] Video frame #103: 1920x1080, pitch=7680, FourCC=0x58524742
[2026-04-09 14:34:04] Video format: FourCC=0x58524742 (BGRX)
[2026-04-09 14:34:04] Connection count: 1
[2026-04-09 14:34:04] Connection count: 1
[2026-04-09 14:34:04] Connection count: 1
[2026-04-09 14:34:04] Video frame #104: 1920x1080, pitch=7680, FourCC=0x58524742
[2026-04-09 14:34:04] Video format: FourCC=0x58524742 (BGRX)
[2026-04-09 14:34:04] Connection count: 0
[2026-04-09 14:34:04] Video frame #105: 1920x1080, pitch=7680, FourCC=0x58524742
[2026-04-09 14:34:04] Video format: FourCC=0x58524742 (BGRX)
[2026-04-09 14:34:04] Connection count: 0
[2026-04-09 14:34:04] Video frame #106: 1920x1080, pitch=7680, FourCC=0x58524742
[2026-04-09 14:34:04] Video format: FourCC=0x58524742 (BGRX)
[2026-04-09 14:34:04] Connection count: 0
[2026-04-09 14:34:04] Video frame #107: 1920x1080, pitch=7680, FourCC=0x58524742
[2026-04-09 14:34:04] Video format: FourCC=0x58524742 (BGRX)
[2026-04-09 14:34:04] Connection count: 0
[2026-04-09 14:34:04] Video frame #108: 1920x1080, pitch=7680, FourCC=0x58524742
[2026-04-09 14:34:04] Video format: FourCC=0x58524742 (BGRX)
[2026-04-09 14:34:04] Connection count: 0
[2026-04-09 14:34:05] Metadata: <ndi_tally_echo on_program="false" on_preview="true"/>
[2026-04-09 14:34:05] Connection count: 1
[2026-04-09 14:34:05] === Application shutting down ===
